[1m[36mTraceFix[0m [2m· incident INC-4133 · /private/tmp/shopcart[0m
[1mAnalyze trace    [0m KeyError: ''
                  3/5 frames in repo · suspect [33m34f3f4d4 feat: allow stacking coupons (SHOP-431) (Marcus Chen)[0m
[1mIncident branch  [0m tracefix/INC-4133
[1mBaseline suite   [0m existing tests [32mgreen[0m
[1mBob · reproduce  [0m [2mbob#2 · Bob ACP session 2dd376503df4…[0m
[1mBob · reproduce  [0m [2mbob#1 · Bob ACP session 96f364917a4b…[0m
  [2m│ bob#1 › Listing files in /private/tmp/.tracefix-shopcart-repro-1[0m
  [2m│ bob#2 › Reading file /private/tmp/.tracefix-shopcart-repro-2/shopcart/pricing.py[0m
  [2m│ bob#2 › Reading file /private/tmp/.tracefix-shopcart-repro-2/shopcart/api.py[0m
  [2m│ bob#2 › Finding files with pattern "tests/**/*.py"[0m
  [2m│ bob#1 › Reading file /private/tmp/.tracefix-shopcart-repro-1/shopcart/api.py[0m
  [2m│ bob#1 › Reading file /private/tmp/.tracefix-shopcart-repro-1/shopcart/pricing.py[0m
  [2m│ bob#2 › Reading file /private/tmp/.tracefix-shopcart-repro-2/tests/test_api.py[0m
  [2m│ bob#1 › Listing files in /private/tmp/.tracefix-shopcart-repro-1/tests[0m
  [2m│ bob#1 › Reading file /private/tmp/.tracefix-shopcart-repro-1/pyproject.toml[0m
  [2m│ bob#2 › Writing file /private/tmp/.tracefix-shopcart-repro-2/tests/test_tracefix_repro.py[0m
  [2m│ bob#1 › Writing file /private/tmp/.tracefix-shopcart-repro-1/tests/test_tracefix_repro.py[0m
  [2m│ bob#2 › /Users/shaiksameer/tracefix/.venv/bin/python -m pytest -q tests/test_tracefix_repro.py[0m
  [2m│ bob#1 › /Users/shaiksameer/tracefix/.venv/bin/python -m pytest -q tests/test_tracefix_repro.py[0m
  [32m✔ VERIFIED[0m bob#2 attempt 1: KeyError raised from _stacked_rate() — matches production
  [33m■ bob#1 stopped — another agent already won[0m
[1mBob · reproduce  [0m [32mok[0m in 27.0s (1 attempt(s), winner bob#2 of 2)
[1mBob · fix        [0m [2mbob#2 · Bob ACP session f434e940a707…[0m
[1mBob · fix        [0m [2mbob#1 · Bob ACP session be402b6c923d…[0m
  [2m│ bob#2 › Reading file /private/tmp/.tracefix-shopcart-fix-2/shopcart/pricing.py[0m
  [2m│ bob#2 › Reading file /private/tmp/.tracefix-shopcart-fix-2/tests/test_tracefix_repro.py[0m
  [2m│ bob#1 › Reading file /private/tmp/.tracefix-shopcart-fix-1/shopcart/pricing.py[0m
  [2m│ bob#1 › Reading file /private/tmp/.tracefix-shopcart-fix-1/tests/test_tracefix_repro.py[0m
  [2m│ bob#2 › Applying diff to /private/tmp/.tracefix-shopcart-fix-2/shopcart/pricing.py[0m
  [2m│ bob#1 › Applying diff to /private/tmp/.tracefix-shopcart-fix-1/shopcart/pricing.py[0m
  [2m│ bob#2 › /Users/shaiksameer/tracefix/.venv/bin/python -m pytest -q[0m
  [2m│ bob#1 › /Users/shaiksameer/tracefix/.venv/bin/python -m pytest -q[0m
  [32m✔ VERIFIED[0m bob#2 attempt 1: repro test passes and the full suite is green
  [32m✔ VERIFIED[0m bob#1 attempt 1: repro test passes and the full suite is green
  [33m■ bob#1 stopped — another agent already won[0m
[1mBob · fix        [0m [32mok[0m in 19.2s (1 attempt(s), winner bob#2 of 2)
[1mDone             [0m total 46.6s

[1mReport:[0m out/INC-4133/report.html
